1
2
3
3
4
3
4
5
3
1
2
3
2
3
2
3
1
2
3